<p>Hello alice,</p>

<p>bob replied to "Help" in
General/Support with:</p>

<p>Have you tried turning it <em>off</em> and on again?</p>

<p>You can view the latest reply <a href="https://board.example.org/_general/support/help#post-3Kf9vQ" title="here">here</a> or you reply to this e-mail to respond.</p>
